// Jest Snapshot v1, https://goo.gl/fbAQLP

exports[`Storyshots Icon/Basic Control 1`] = `
<svg
  aria-hidden={true}
  className="MuiSvgIcon-root makeStyles-root-1"
  data-mui-test="UserIcon"
  focusable="false"
  viewBox="0 0 24 24"
>
  <path
    d="M20 21v-2a4 4 0 0 0-4-4H8a4 4 0 0 0-4 4v2"
  />
  <circle
    cx="12"
    cy="7"
    r="4"
  />
</svg>
`;
